[    0.000000] Linux version 4.15.0-135-generic (buildd@lgw01-amd64-005) (gcc version 7.5.0 (Ubuntu 7.5.0-3ubuntu1~18.04)) #139-Ubuntu SMP Mon Jan 18 17:38:24 UTC 2021 (Ubuntu 4.15.0-135.139-generic 4.15.18)
[    0.000000] Command line: BOOT_IMAGE=/boot/vmlinuz-4.15.0-135-generic root=LABEL=cloudimg-rootfs ro console=tty1 console=ttyS0
[    0.000000] KERNEL supported cpus:
[    0.000000]   Intel GenuineIntel
[    0.000000]   AMD AuthenticAMD
[    0.000000]   Centaur CentaurHauls
[    0.000000] x86/fpu: Supporting XSAVE feature 0x001: 'x87 floating point registers'
[    0.000000] x86/fpu: Supporting XSAVE feature 0x002: 'SSE registers'
[    0.000000] x86/fpu: Supporting XSAVE feature 0x004: 'AVX registers'
[    0.000000] x86/fpu: xstate_offset[2]:  576, xstate_sizes[2]:  256
[    0.000000] x86/fpu: Enabled xstate features 0x7, context size is 832 bytes, using 'standard' format.
[    0.000000] e820: BIOS-provided physical RAM map:
[    0.000000] BIOS-e820: [mem 0x0000000000000000-0x000000000009fbff] usable
[    0.000000] BIOS-e820: [mem 0x000000000009fc00-0x000000000009ffff] reserved
[    0.000000] BIOS-e820: [mem 0x00000000000f0000-0x00000000000fffff] reserved
[    0.000000] BIOS-e820: [mem 0x0000000000100000-0x000000003ffeffff] usable
[    0.000000] BIOS-e820: [mem 0x000000003fff0000-0x000000003fffffff] ACPI data
[    0.000000] BIOS-e820: [mem 0x00000000fec00000-0x00000000fec00fff] reserved
[    0.000000] BIOS-e820: [mem 0x00000000fee00000-0x00000000fee00fff] reserved
[    0.000000] BIOS-e820: [mem 0x00000000fffc0000-0x00000000ffffffff] reserved
[    0.000000] NX (Execute Disable) protection: active
[    0.000000] SMBIOS 2.5 present.
[    0.000000] DMI: innotek GmbH VirtualBox/VirtualBox, BIOS VirtualBox 12/01/2006
[    0.000000] Hypervisor detected: KVM
[    0.000000] e820: last_pfn = 0x3fff0 max_arch_pfn = 0x400000000
[    0.000000] MTRR: Disabled
[    0.000000] x86/PAT: MTRRs disabled, skipping PAT initialization too.
[    0.000000] CPU MTRRs all blank - virtualized system.
[    0.000000] x86/PAT: Configuration [0-7]: WB  WT  UC- UC  WB  WT  UC- UC  
[    0.000000] found SMP MP-table at [mem 0x0009fff0-0x0009ffff]
[    0.000000] Scanning 1 areas for low memory corruption
[    0.000000] RAMDISK: [mem 0x35a65000-0x36d29fff]
[    0.000000] ACPI: Early table checksum verification disabled
[    0.000000] ACPI: RSDP 0x00000000000E0000 000024 (v02 VBOX  )
[    0.000000] ACPI: XSDT 0x000000003FFF0030 00003C (v01 VBOX   VBOXXSDT 00000001 ASL  00000061)
[    0.000000] ACPI: FACP 0x000000003FFF00F0 0000F4 (v04 VBOX   VBOXFACP 00000001 ASL  00000061)
[    0.000000] ACPI: DSDT 0x000000003FFF0470 002325 (v02 VBOX   VBOXBIOS 00000002 INTL 20190509)
[    0.000000] ACPI: FACS 0x000000003FFF0200 000040
[    0.000000] ACPI: FACS 0x000000003FFF0200 000040
[    0.000000] ACPI: APIC 0x000000003FFF0240 00005C (v02 VBOX   VBOXAPIC 00000001 ASL  00000061)
[    0.000000] ACPI: SSDT 0x000000003FFF02A0 0001CC (v01 VBOX   VBOXCPUT 00000002 INTL 20190509)
[    0.000000] No NUMA configuration found
[    0.000000] Faking a node at [mem 0x0000000000000000-0x000000003ffeffff]
[    0.000000] NODE_DATA(0) allocated [mem 0x3ffc5000-0x3ffeffff]
[    0.000000] kvm-clock: cpu 0, msr 0:3ff44001, primary cpu clock
[    0.000000] kvm-clock: Using msrs 4b564d01 and 4b564d00
[    0.000000] kvm-clock: using sched offset of 33907640188 cycles
[    0.000000] clocksource: kvm-clock: mask: 0xffffffffffffffff max_cycles: 0x1cd42e4dffb, max_idle_ns: 881590591483 ns
[    0.000000] Zone ranges:
[    0.000000]   DMA      [mem 0x0000000000001000-0x0000000000ffffff]
[    0.000000]   DMA32    [mem 0x0000000001000000-0x000000003ffeffff]
[    0.000000]   Normal   empty
[    0.000000]   Device   empty
[    0.000000] Movable zone start for each node
[    0.000000] Early memory node ranges
[    0.000000]   node   0: [mem 0x0000000000001000-0x000000000009efff]
[    0.000000]   node   0: [mem 0x0000000000100000-0x000000003ffeffff]
[    0.000000] Reserved but unavailable: 98 pages
[    0.000000] Initmem setup node 0 [mem 0x0000000000001000-0x000000003ffeffff]
[    0.000000] ACPI: PM-Timer IO Port: 0x4008
[    0.000000] IOAPIC[0]: apic_id 2, version 32, address 0xfec00000, GSI 0-23
[    0.000000] ACPI: INT_SRC_OVR (bus 0 bus_irq 0 global_irq 2 dfl dfl)
[    0.000000] ACPI: INT_SRC_OVR (bus 0 bus_irq 9 global_irq 9 low level)
[    0.000000] Using ACPI (MADT) for SMP configuration information
[    0.000000] smpboot: Allowing 2 CPUs, 0 hotplug CPUs
[    0.000000] PM: Registered nosave memory: [mem 0x00000000-0x00000fff]
[    0.000000] PM: Registered nosave memory: [mem 0x0009f000-0x0009ffff]
[    0.000000] PM: Registered nosave memory: [mem 0x000a0000-0x000effff]
[    0.000000] PM: Registered nosave memory: [mem 0x000f0000-0x000fffff]
[    0.000000] e820: [mem 0x40000000-0xfebfffff] available for PCI devices
[    0.000000] Booting paravirtualized kernel on KVM
[    0.000000] clocksource: refined-jiffies: mask: 0xffffffff max_cycles: 0xffffffff, max_idle_ns: 7645519600211568 ns
[    0.000000] random: get_random_bytes called from start_kernel+0x99/0x500 with crng_init=0
[    0.000000] setup_percpu: NR_CPUS:8192 nr_cpumask_bits:2 nr_cpu_ids:2 nr_node_ids:1
[    0.000000] percpu: Embedded 45 pages/cpu s147456 r8192 d28672 u1048576
[    0.000000] PV qspinlock hash table entries: 256 (order: 0, 4096 bytes)
[    0.000000] Built 1 zonelists, mobility grouping on.  Total pages: 257913
[    0.000000] Policy zone: DMA32
[    0.000000] Kernel command line: BOOT_IMAGE=/boot/vmlinuz-4.15.0-135-generic root=LABEL=cloudimg-rootfs ro console=tty1 console=ttyS0
[    0.000000] Memory: 983024K/1048120K available (12300K kernel code, 2482K rwdata, 4276K rodata, 2440K init, 2724K bss, 65096K reserved, 0K cma-reserved)
[    0.000000] SLUB: HWalign=64, Order=0-3, MinObjects=0, CPUs=2, Nodes=1
[    0.000000] Kernel/User page tables isolation: enabled
[    0.000000] ftrace: allocating 39422 entries in 154 pages
[    0.004000] Hierarchical RCU implementation.
[    0.004000] 	RCU restricting CPUs from NR_CPUS=8192 to nr_cpu_ids=2.
[    0.004000] 	Tasks RCU enabled.
[    0.004000] RCU: Adjusting geometry for rcu_fanout_leaf=16, nr_cpu_ids=2
[    0.004000] NR_IRQS: 524544, nr_irqs: 440, preallocated irqs: 16
[    0.004000] Console: colour VGA+ 80x25
[    0.004000] console [tty1] enabled
[    0.004000] console [ttyS0] enabled
[    0.004000] ACPI: Core revision 20170831
[    0.004000] ACPI: 2 ACPI AML tables successfully acquired and loaded
[    0.004000] APIC: Switch to symmetric I/O mode setup
[    0.004000] x2apic enabled
[    0.004000] Switched APIC routing to physical x2apic.
[    0.004000] ..TIMER: vector=0x30 apic1=0 pin1=2 apic2=-1 pin2=-1
[    0.004000] tsc: Detected 2208.052 MHz processor
[    0.004000] Calibrating delay loop (skipped) preset value.. 4416.10 BogoMIPS (lpj=8832208)
[    0.004007] pid_max: default: 32768 minimum: 301
[    0.004684] Security Framework initialized
[    0.005214] Yama: becoming mindful.
[    0.005667] AppArmor: AppArmor initialized
[    0.006758] Dentry cache hash table entries: 131072 (order: 8, 1048576 bytes)
[    0.008046] Inode-cache hash table entries: 65536 (order: 7, 524288 bytes)
[    0.008945] Mount-cache hash table entries: 2048 (order: 2, 16384 bytes)
[    0.009768] Mountpoint-cache hash table entries: 2048 (order: 2, 16384 bytes)
[    0.010794] Last level iTLB entries: 4KB 64, 2MB 8, 4MB 8
[    0.012003] Last level dTLB entries: 4KB 64, 2MB 0, 4MB 0, 1GB 4
[    0.012712] Spectre V1 : Mitigation: usercopy/swapgs barriers and __user pointer sanitization
[    0.013681] Spectre V2 : Mitigation: Full generic retpoline
[    0.014325] Spectre V2 : Spectre v2 / SpectreRSB mitigation: Filling RSB on context switch
[    0.016003] Speculative Store Bypass: Vulnerable
[    0.016579] SRBDS: Unknown: Dependent on hypervisor status
[    0.017220] MDS: Mitigation: Clear CPU buffers
[    0.017926] Freeing SMP alternatives memory: 36K
[    0.130192] smpboot: CPU0: Intel(R) Core(TM) i7-8750H CPU @ 2.20GHz (family: 0x6, model: 0x9e, stepping: 0xa)
[    0.131431] Performance Events: unsupported p6 CPU model 158 no PMU driver, software events only.
[    0.132000] Hierarchical SRCU implementation.
[    0.132000] NMI watchdog: Perf event create on CPU 0 failed with -2
[    0.132001] NMI watchdog: Perf NMI watchdog permanently disabled
[    0.132730] smp: Bringing up secondary CPUs ...
[    0.133336] x86: Booting SMP configuration:
[    0.133833] .... node  #0, CPUs:      #1
[    0.004000] kvm-clock: cpu 1, msr 0:3ff44041, secondary cpu clock
[    0.136016] smp: Brought up 1 node, 2 CPUs
[    0.136574] smpboot: Max logical packages: 1
[    0.137082] smpboot: Total of 2 processors activated (8832.20 BogoMIPS)
[    0.137941] devtmpfs: initialized
[    0.137941] x86/mm: Memory block size: 128MB
[    0.140108] evm: security.selinux
[    0.140576] evm: security.SMACK64
[    0.141009] evm: security.SMACK64EXEC
[    0.141470] evm: security.SMACK64TRANSMUTE
[    0.141975] evm: security.SMACK64MMAP
[    0.142456] evm: security.apparmor
[    0.142882] evm: security.ima
[    0.143383] evm: security.capability
[    0.144086] clocksource: jiffies: mask: 0xffffffff max_cycles: 0xffffffff, max_idle_ns: 7645041785100000 ns
[    0.145144] futex hash table entries: 512 (order: 3, 32768 bytes)
[    0.146440] pinctrl core: initialized pinctrl subsystem
[    0.148000] RTC time: 22:59:16, date: 02/10/21
[    0.148000] NET: Registered protocol family 16
[    0.148064] audit: initializing netlink subsys (disabled)
[    0.152031] audit: type=2000 audit(1612997991.965:1): state=initialized audit_enabled=0 res=1
[    0.153002] cpuidle: using governor ladder
[    0.153002] cpuidle: using governor menu
[    0.153014] ACPI: bus type PCI registered
[    0.153491] acpiphp: ACPI Hot Plug PCI Controller Driver version: 0.5
[    0.154298] PCI: Using configuration type 1 for base access
[    0.156726] HugeTLB registered 2.00 MiB page size, pre-allocated 0 pages
[    0.156859] ACPI: Added _OSI(Module Device)
[    0.156859] ACPI: Added _OSI(Processor Device)
[    0.157116] ACPI: Added _OSI(3.0 _SCP Extensions)
[    0.157705] ACPI: Added _OSI(Processor Aggregator Device)
[    0.160010] ACPI: Added _OSI(Linux-Dell-Video)
[    0.160542] ACPI: Added _OSI(Linux-Lenovo-NV-HDMI-Audio)
[    0.161153] ACPI: Added _OSI(Linux-HPI-Hybrid-Graphics)
[    0.161950] ACPI: Executed 1 blocks of module-level executable AML code
[    0.165482] ACPI: Interpreter enabled
[    0.165996] ACPI: (supports S0 S5)
[    0.166443] ACPI: Using IOAPIC for interrupt routing
[    0.167242] PCI: Using host bridge windows from ACPI; if necessary, use "pci=nocrs" and report a bug
[    0.168149] ACPI: Enabled 2 GPEs in block 00 to 07
[    0.173407] ACPI: PCI Root Bridge [PCI0] (domain 0000 [bus 00-ff])
[    0.174152] acpi PNP0A03:00: _OSC: OS supports [ASPM ClockPM Segments MSI]
[    0.175292] acpi PNP0A03:00: _OSC: not requesting OS control; OS requires [ExtendedConfig ASPM ClockPM MSI]
[    0.176011] acpi PNP0A03:00: fail to add MMCONFIG information, can't access extended PCI configuration space under this bridge.
[    0.177572] PCI host bridge to bus 0000:00
[    0.178087] pci_bus 0000:00: root bus resource [io  0x0000-0x0cf7 window]
[    0.178877] pci_bus 0000:00: root bus resource [io  0x0d00-0xffff window]
[    0.179629] pci_bus 0000:00: root bus resource [mem 0x000a0000-0x000bffff window]
[    0.180003] pci_bus 0000:00: root bus resource [mem 0x40000000-0xfdffffff window]
[    0.180894] pci_bus 0000:00: root bus resource [bus 00-ff]
[    0.182782] pci 0000:00:01.1: legacy IDE quirk: reg 0x10: [io  0x01f0-0x01f7]
[    0.184004] pci 0000:00:01.1: legacy IDE quirk: reg 0x14: [io  0x03f6]
[    0.184749] pci 0000:00:01.1: legacy IDE quirk: reg 0x18: [io  0x0170-0x0177]
[    0.186025] pci 0000:00:01.1: legacy IDE quirk: reg 0x1c: [io  0x0376]
[    0.200820] pci 0000:00:07.0: quirk: [io  0x4000-0x403f] claimed by PIIX4 ACPI
[    0.201905] pci 0000:00:07.0: quirk: [io  0x4100-0x410f] claimed by PIIX4 SMB
[    0.207057] ACPI: PCI Interrupt Link [LNKA] (IRQs 5 9 10 *11)
[    0.208000] ACPI: PCI Interrupt Link [LNKB] (IRQs 5 9 *10 11)
[    0.208118] ACPI: PCI Interrupt Link [LNKC] (IRQs 5 *9 10 11)
[    0.208890] ACPI: PCI Interrupt Link [LNKD] (IRQs 5 9 10 *11)
[    0.210011] SCSI subsystem initialized
[    0.210533] pci 0000:00:02.0: vgaarb: setting as boot VGA device
[    0.210533] pci 0000:00:02.0: vgaarb: VGA device added: decodes=io+mem,owns=io+mem,locks=none
[    0.212009] pci 0000:00:02.0: vgaarb: bridge control possible
[    0.212663] vgaarb: loaded
[    0.213030] ACPI: bus type USB registered
[    0.213551] usbcore: registered new interface driver usbfs
[    0.214179] usbcore: registered new interface driver hub
[    0.214797] usbcore: registered new device driver usb
[    0.216051] EDAC MC: Ver: 3.0.0
[    0.216589] PCI: Using ACPI for IRQ routing
[    0.216721] NetLabel: Initializing
[    0.217202] NetLabel:  domain hash size = 128
[    0.218093] NetLabel:  protocols = UNLABELED CIPSOv4 CALIPSO
[    0.220032] NetLabel:  unlabeled traffic allowed by default
[    0.220701] clocksource: Switched to clocksource kvm-clock
[    0.229991] VFS: Disk quotas dquot_6.6.0
[    0.230509] VFS: Dquot-cache hash table entries: 512 (order 0, 4096 bytes)
[    0.231384] AppArmor: AppArmor Filesystem Enabled
[    0.231979] pnp: PnP ACPI init
[    0.233126] pnp: PnP ACPI: found 3 devices
[    0.241403] clocksource: acpi_pm: mask: 0xffffff max_cycles: 0xffffff, max_idle_ns: 2085701024 ns
[    0.242478] NET: Registered protocol family 2
[    0.243139] TCP established hash table entries: 8192 (order: 4, 65536 bytes)
[    0.244052] TCP bind hash table entries: 8192 (order: 5, 131072 bytes)
[    0.245382] TCP: Hash tables configured (established 8192 bind 8192)
[    0.246334] UDP hash table entries: 512 (order: 2, 16384 bytes)
[    0.247040] UDP-Lite hash table entries: 512 (order: 2, 16384 bytes)
[    0.247797] NET: Registered protocol family 1
[    0.248363] pci 0000:00:00.0: Limiting direct PCI/PCI transfers
[    0.249063] pci 0000:00:01.0: Activating ISA DMA hang workarounds
[    0.249809] pci 0000:00:02.0: Video device with shadowed ROM at [mem 0x000c0000-0x000dffff]
[    0.250833] Unpacking initramfs...
[    0.471370] Freeing initrd memory: 19220K
[    0.471995] clocksource: tsc: mask: 0xffffffffffffffff max_cycles: 0x1fd3e95291d, max_idle_ns: 440795293735 ns
[    0.473199] platform rtc_cmos: registered platform RTC device (no PNP device found)
[    0.474174] Scanning for low memory corruption every 60 seconds
[    0.475521] Initialise system trusted keyrings
[    0.476122] Key type blacklist registered
[    0.476694] workingset: timestamp_bits=36 max_order=18 bucket_order=0
[    0.478106] zbud: loaded
[    0.478871] squashfs: version 4.0 (2009/01/31) Phillip Lougher
[    0.479801] fuse init (API version 7.26)
[    0.481916] Key type asymmetric registered
[    0.482468] Asymmetric key parser 'x509' registered
[    0.483107] Block layer SCSI generic (bsg) driver version 0.4 loaded (major 246)
[    0.484088] io scheduler noop registered
[    0.484595] io scheduler deadline registered
[    0.485158] io scheduler cfq registered (default)
[    0.486007] ACPI: AC Adapter [AC] (on-line)
[    0.486604] input: Power Button as /devices/LNXSYSTM:00/LNXPWRBN:00/input/input0
[    0.487652] ACPI: Power Button [PWRF]
[    0.488246] input: Sleep Button as /devices/LNXSYSTM:00/LNXSLPBN:00/input/input1
[    0.489166] ACPI: Sleep Button [SLPF]
[    0.490420] ACPI: Battery Slot [BAT0] (battery present)
[    0.491223] Serial: 8250/16550 driver, 32 ports, IRQ sharing enabled
[    0.512514] 00:02: ttyS0 at I/O 0x3f8 (irq = 4, base_baud = 115200) is a 16550A
[    0.515663] Linux agpgart interface v0.103
[    0.517442] loop: module loaded
[    0.520118] scsi host0: ata_piix
[    0.524203] scsi host1: ata_piix
[    0.524705] ata1: PATA max UDMA/33 cmd 0x1f0 ctl 0x3f6 bmdma 0xd000 irq 14
[    0.525516] ata2: PATA max UDMA/33 cmd 0x170 ctl 0x376 bmdma 0xd008 irq 15
[    0.526473] libphy: Fixed MDIO Bus: probed
[    0.526990] tun: Universal TUN/TAP device driver, 1.6
[    0.527715] PPP generic driver version 2.4.2
[    0.528447] ehci_hcd: USB 2.0 'Enhanced' Host Controller (EHCI) Driver
[    0.529238] ehci-pci: EHCI PCI platform driver
[    0.530428] ehci-platform: EHCI generic platform driver
[    0.531889] ohci_hcd: USB 1.1 'Open' Host Controller (OHCI) Driver
[    0.533503] ohci-pci: OHCI PCI platform driver
[    0.534033] ohci-platform: OHCI generic platform driver
[    0.534629] uhci_hcd: USB Universal Host Controller Interface driver
[    0.535405] i8042: PNP: PS/2 Controller [PNP0303:PS2K,PNP0f03:PS2M] at 0x60,0x64 irq 1,12
[    0.536731] serio: i8042 KBD port at 0x60,0x64 irq 1
[    0.537360] serio: i8042 AUX port at 0x60,0x64 irq 12
[    0.538288] mousedev: PS/2 mouse device common for all mice
[    0.539617] input: AT Translated Set 2 keyboard as /devices/platform/i8042/serio0/input/input2
[    0.540115] rtc_cmos rtc_cmos: rtc core: registered rtc_cmos as rtc0
[    0.541476] rtc_cmos rtc_cmos: alarms up to one day, 114 bytes nvram
[    0.542299] i2c /dev entries driver
[    0.542789] device-mapper: uevent: version 1.0.3
[    0.543537] device-mapper: ioctl: 4.37.0-ioctl (2017-09-20) initialised: dm-devel@redhat.com
[    0.544602] ledtrig-cpu: registered to indicate activity on CPUs
[    0.545637] NET: Registered protocol family 10
[    0.552395] Segment Routing with IPv6
[    0.552933] NET: Registered protocol family 17
[    0.553627] Key type dns_resolver registered
[    0.554365] mce: Using 0 MCE banks
[    0.554803] RAS: Correctable Errors collector initialized.
[    0.555448] sched_clock: Marking stable (554299418, 0)->(658291021, -103991603)
[    0.556654] registered taskstats version 1
[    0.557173] Loading compiled-in X.509 certificates
[    0.559905] Loaded X.509 cert 'Build time autogenerated kernel key: 399a566a2ea98257ce6f7132c633527e9761cd56'
[    0.561100] zswap: loaded using pool lzo/zbud
[    0.565581] Key type big_key registered
[    0.566124] Key type trusted registered
[    0.567804] Key type encrypted registered
[    0.568395] AppArmor: AppArmor sha1 policy hashing enabled
[    0.569077] ima: No TPM chip found, activating TPM-bypass! (rc=-19)
[    0.569877] ima: Allocated hash algorithm: sha1
[    0.570455] evm: HMAC attrs: 0x1
[    0.571032]   Magic number: 9:503:1007
[    0.571601] rtc_cmos rtc_cmos: setting system clock to 2021-02-10 22:59:16 UTC (1612997956)
[    0.572710] BIOS EDD facility v0.16 2004-Jun-25, 0 devices found
[    0.573438] EDD information not available.
[    0.717862] Freeing unused kernel image memory: 2440K
[    0.728164] Write protecting the kernel read-only data: 20480k
[    0.730517] Freeing unused kernel image memory: 2008K
[    0.732552] Freeing unused kernel image memory: 1868K
[    0.742571] x86/mm: Checked W+X mappings: passed, no W+X pages found.
[    0.743685] x86/mm: Checking user space page tables
[    0.750866] x86/mm: Checked W+X mappings: passed, no W+X pages found.
Loading, please wait...
starting version 237
[    0.799641] e1000: Intel(R) PRO/1000 Network Driver - version 7.3.21-k8-NAPI
[    0.800683] e1000: Copyright (c) 1999-2006 Intel Corporation.
[    0.806295] Fusion MPT base driver 3.04.20
[    0.806849] Copyright (c) 1999-2008 LSI Corporation
[    0.813503] Fusion MPT SPI Host driver 3.04.20
[    0.818110] AVX2 version of gcm_enc/dec engaged.
[    0.818731] AES CTR mode by8 optimization enabled
[    1.015321] input: ImExPS/2 Generic Explorer Mouse as /devices/platform/i8042/serio1/input/input4
[    1.157611] e1000 0000:00:03.0 eth0: (PCI:33MHz:32-bit) 02:cc:aa:40:e2:20
[    1.160195] e1000 0000:00:03.0 eth0: Intel(R) PRO/1000 Network Connection
[    1.164780] mptbase: ioc0: Initiating bringup
[    1.165468] e1000 0000:00:03.0 enp0s3: renamed from eth0
[    1.271588] ioc0: LSI53C1030 A0: Capabilities={Initiator}
[    1.524503] scsi host2: ioc0: LSI53C1030 A0, FwRev=00000000h, Ports=1, MaxQ=256, IRQ=20
[    1.705358] scsi 2:0:0:0: Direct-Access     VBOX     HARDDISK         1.0  PQ: 0 ANSI: 5
[    1.732249] scsi target2:0:0: Beginning Domain Validation
[    1.741203] scsi target2:0:0: Domain Validation skipping write tests
[    1.743953] scsi target2:0:0: Ending Domain Validation
[    1.749643] scsi target2:0:0: asynchronous
[    1.753888] scsi 2:0:1:0: Direct-Access     VBOX     HARDDISK         1.0  PQ: 0 ANSI: 5
[    1.788115] scsi target2:0:1: Beginning Domain Validation
[    1.794668] random: fast init done
[    1.796725] scsi target2:0:1: Domain Validation skipping write tests
[    1.799477] scsi target2:0:1: Ending Domain Validation
[    1.802380] scsi target2:0:1: asynchronous
[    1.818266] random: systemd-udevd: uninitialized urandom read (16 bytes read)
[    1.818433] sd 2:0:0:0: Attached scsi generic sg0 type 0
[    1.822136] random: systemd-udevd: uninitialized urandom read (16 bytes read)
[    1.824889] sd 2:0:1:0: Attached scsi generic sg1 type 0
[    1.827910] random: systemd-udevd: uninitialized urandom read (16 bytes read)
[    1.834172] sd 2:0:0:0: [sda] 83886080 512-byte logical blocks: (42.9 GB/40.0 GiB)
[    1.837718] sd 2:0:1:0: [sdb] 20480 512-byte logical blocks: (10.5 MB/10.0 MiB)
[    1.840706] sd 2:0:0:0: [sda] Write Protect is off
[    1.843578] sd 2:0:1:0: [sdb] Write Protect is off
[    1.843949] sd 2:0:0:0: [sda] Incomplete mode parameter data
[    1.848047] sd 2:0:0:0: [sda] Assuming drive cache: write through
[    1.851079] sd 2:0:1:0: [sdb] Incomplete mode parameter data
[    1.852872] sd 2:0:1:0: [sdb] Assuming drive cache: write through
[    2.001874]  sda: sda1
[    2.005772] sd 2:0:0:0: [sda] Attached SCSI disk
[    2.555015] sd 2:0:1:0: [sdb] Attached SCSI disk
Begin: Loading essential drivers ... [    4.983079] raid6: sse2x1   gen() 13078 MB/s
[    5.028111] raid6: sse2x1   xor()  9602 MB/s
[    5.076121] raid6: sse2x2   gen() 15973 MB/s
[    5.124086] raid6: sse2x2   xor() 10671 MB/s
[    5.172109] raid6: sse2x4   gen() 15141 MB/s
[    5.221953] raid6: sse2x4   xor()  8236 MB/s
[    5.269930] raid6: avx2x1   gen() 21698 MB/s
[    5.318021] raid6: avx2x1   xor() 16418 MB/s
[    5.364313] raid6: avx2x2   gen() 20856 MB/s
[    5.412236] raid6: avx2x2   xor() 16294 MB/s
[    5.460112] raid6: avx2x4   gen() 24500 MB/s
[    5.509986] raid6: avx2x4   xor() 13129 MB/s
[    5.510959] raid6: using algorithm avx2x4 gen() 24500 MB/s
[    5.511958] raid6: .... xor() 13129 MB/s, rmw enabled
[    5.512659] raid6: using avx2x2 recovery algorithm
[    5.514362] xor: automatically using best checksumming function   avx       
[    5.516304] async_tx: api initialized (async)
done.
Begin: Running /scripts/init-premount ... done.
Begin: Mounting root file system ... Begin: Running /scripts/local-top ... done.
Begin: Running /scripts/local-premount ... [    5.564603] Btrfs loaded, crc32c=crc32c-intel
Scanning for Btrfs filesystems
done.
Warning: fsck not present, so skipping root file system
[    6.176949] EXT4-fs (sda1): mounted filesystem with ordered data mode. Opts: (null)
done.
Begin: Running /scripts/local-bottom ... done.
Begin: Running /scripts/init-bottom ... done.
[    8.037591] random: crng init done
[    8.039753] random: 7 urandom warning(s) missed due to ratelimiting
[   17.518751] ip_tables: (C) 2000-2006 Netfilter Core Team
[   17.844461] systemd[1]: systemd 237 running in system mode. (+PAM +AUDIT +SELINUX +IMA +APPARMOR +SMACK +SYSVINIT +UTMP +LIBCRYPTSETUP +GCRYPT +GNUTLS +ACL +XZ +LZ4 +SECCOMP +BLKID +ELFUTILS +KMOD -IDN2 +IDN -PCRE2 default-hierarchy=hybrid)
[   17.854992] systemd[1]: Detected virtualization oracle.
[   17.857864] systemd[1]: Detected architecture x86-64.

Welcome to [1mUbuntu 18.04.5 LTS[0m!

[   17.996340] systemd[1]: Set hostname to <ubuntu>.
[   18.222072] systemd[1]: Initializing machine ID from random generator.
[   18.226361] systemd[1]: Installed transient /etc/machine-id file.
[   29.600185] systemd[1]: Reached target System Time Synchronized.
[[0;32m  OK  [0m] Reached target System Time Synchronized.
[   29.615851] systemd[1]: Created slice User and Session Slice.
[[0;32m  OK  [0m] Created slice User and Session Slice.
[   29.620202] systemd[1]: Started Forward Password Requests to Wall Directory Watch.
[[0;32m  OK  [0m] Started Forward Password Requests to Wall Directory Watch.
[   29.624911] systemd[1]: Created slice System Slice.
[[0;32m  OK  [0m] Created slice System Slice.
[   29.627925] systemd[1]: Listening on Journal Socket.
[[0;32m  OK  [0m] Listening on Journal Socket.
[   29.633528] systemd[1]: Starting Uncomplicated firewall...
         Starting Uncomplicated firewall...
[   29.635466] systemd[1]: Reached target Slices.
[[0;32m  OK  [0m] Reached target Slices.
[   29.638102] systemd[1]: Listening on LVM2 metadata daemon socket.
[[0;32m  OK  [0m] Listening on LVM2 metadata daemon socket.
[   29.639902] systemd[1]: Listening on Syslog Socket.
[[0;32m  OK  [0m] Listening on Syslog Socket.
[   29.642088] systemd[1]: Listening on udev Control Socket.
[[0;32m  OK  [0m] Listening on udev Control Socket.
[[0;32m  OK  [0m] Listening on /dev/initctl Compatibility Named Pipe.
         Starting Set the console keyboard layout...
         Mounting POSIX Message Queue File System...
         Starting Load Kernel Modules...
[[0;32m  OK  [0m] Listening on udev Kernel Socket.
         Starting udev Coldplug all Devices...
         Mounting Kernel Debug File System...
         Starting Create list of required stâ€¦ce nodes for the current kernel...
[[0;32m  OK  [0m] Listening on Device-mapper event daemon FIFOs.
         Mounting Huge Pages File System...
[[0;32m  OK  [0m] Listening on Journal Socket (/dev/log).
[[0;32m  OK  [0m] Reached target User and Group Name Lookups.
[[0;32m  OK  [0m] Listening on Journal Audit Socket.
         Starting Journal Service...
[[0;32m  OK  [0m] Reached target Swap.
[[0;32m  OK  [0m] Listening on Network Service Netlink Socket.
[[0;32m  OK  [0m] Listening on LVM2 poll daemon socket.
         Starting Monitoring of LVM2 mirrorsâ€¦ng dmeventd or progress polling...
[[0;32m  OK  [0m] Set up automount Arbitrary Executabâ€¦rmats File System Automount Point.
         Starting Remount Root and Kernel File Systems...
[[0;32m  OK  [0m] Created slice system-serial\x2dgetty.slice.
[[0;32m  OK  [0m] Started Journal Service.
[[0;32m  OK  [0m] Started Uncomplicated firewall.
[[0;32m  OK  [0m] Mounted POSIX Message Queue File System.
[[0;32m  OK  [0m] Mounted Kernel Debug File System.
[[0;32m  OK  [0m] Mounted Huge Pages File System.
[[0;32m  OK  [0m] Started Create list of required staâ€¦vice nodes for the current kernel.
         Starting Create Static Device Nodes in /dev...
[   31.457027] EXT4-fs (sda1): re-mounted. Opts: (null)
[[0;32m  OK  [0m] Started Remount Root and Kernel File Systems.
[   32.167424] Loading iSCSI transport class v2.0-870.
         Starting Flush Journal to Persistent Storage...
         Starting Load/Save Random Seed...
[[0;32m  OK  [0m] Started udev Coldplug all Devices.
[   33.149316] systemd-journald[419]: Received request to flush runtime journal from PID 1
[[0;32m  OK  [0m] Started Set the console keyboard layout.
[   33.310983] iscsi: registered transport (tcp)
[[0;32m  OK  [0m] Started Load/Save Random Seed.
[[0;32m  OK  [0m] Started Create Static Device Nodes in /dev.
         Starting udev Kernel Device Manager...
[[0;32m  OK  [0m] Started Flush Journal to Persistent Storage.
[[0;32m  OK  [0m] Started LVM2 metadata daemon.
[   35.179563] iscsi: registered transport (iser)
[[0;32m  OK  [0m] Started Load Kernel Modules.
         Mounting FUSE Control File System...
         Starting Apply Kernel Variables...
         Mounting Kernel Configuration File System...
[[0;32m  OK  [0m] Mounted FUSE Control File System.
[[0;32m  OK  [0m] Mounted Kernel Configuration File System.
[[0;32m  OK  [0m] Started Monitoring of LVM2 mirrors,â€¦sing dmeventd or progress polling.
[[0;32m  OK  [0m] Reached target Local File Systems (Pre).
[[0;32m  OK  [0m] Reached target Local File Systems.
         Starting AppArmor initialization...
         Starting ebtables ruleset management...
         Starting Commit a transient machine-id on disk...
         Starting Create Volatile Files and Directories...
         Starting Tell Plymouth To Write Out Runtime Data...
         Starting Set console font and keymap...
[[0;32m  OK  [0m] Started Apply Kernel Variables.
[[0;32m  OK  [0m] Started Set console font and keymap.
[[0;32m  OK  [0m] Started Commit a transient machine-id on disk.
[[0;32m  OK  [0m] Started Tell Plymouth To Write Out Runtime Data.
[[0;32m  OK  [0m] Started Create Volatile Files and Directories.
         Starting Update UTMP about System Boot/Shutdown...
[[0;32m  OK  [0m] Started Update UTMP about System Boot/Shutdown.
[[0;32m  OK  [0m] Started udev Kernel Device Manager.
[[0;32m  OK  [0m] Started Dispatch Password Requests to Console Directory Watch.
[[0;32m  OK  [0m] Reached target Local Encrypted Volumes.
[[0;32m  OK  [0m] Started ebtables ruleset management.
[[0;32m  OK  [0m] Found device /dev/ttyS0.
[[0;32m  OK  [0m] Listening on Load/Save RF Kill Switch Status /dev/rfkill Watch.
[[0m[0;31m*     [0m] A start job is running for AppArmor initialization (18s / no limit)[K[[0;1;31m*[0m[0;31m*    [0m] A start job is running for AppArmor initialization (18s / no limit)[K[[0;31m*[0;1;31m*[0m[0;31m*   [0m] A start job is running for AppArmor initialization (19s / no limit)[K[[0;32m  OK  [0m] Started AppArmor initialization.
         Starting Initial cloud-init job (pre-networking)...
         Starting Load AppArmor profiles managed internally by snapd...
[[0;32m  OK  [0m] Started Load AppArmor profiles managed internally by snapd.
[   99.420453] cloud-init[541]: Cloud-init v. 20.4.1-0ubuntu1~18.04.1 running 'init-local' at Wed, 10 Feb 2021 23:00:48 +0000. Up 92.72 seconds.
[[0;32m  OK  [0m] Started Initial cloud-init job (pre-networking).
[[0;32m  OK  [0m] Reached target Network (Pre).
         Starting Network Service...
[[0;32m  OK  [0m] Started Network Service.
         Starting Wait for Network to be Configured...
         Starting Network Name Resolution...
[[0;32m  OK  [0m] Started Network Name Resolution.
[[0;32m  OK  [0m] Reached target Host and Network Name Lookups.
[[0;32m  OK  [0m] Reached target Network.
[[0;32m  OK  [0m] Started Wait for Network to be Configured.
         Starting Initial cloud-init job (metadata service crawler)...
[  103.687421] cloud-init[681]: Cloud-init v. 20.4.1-0ubuntu1~18.04.1 running 'init' at Wed, 10 Feb 2021 23:00:59 +0000. Up 103.38 seconds.
[  103.688647] cloud-init[681]: ci-info: ++++++++++++++++++++++++++++++++++++++Net device info++++++++++++++++++++++++++++++++++++++
[  103.700606] cloud-init[681]: ci-info: +--------+------+----------------------------+---------------+--------+-------------------+
[  103.701826] cloud-init[681]: ci-info: | Device |  Up  |          Address           |      Mask     | Scope  |     Hw-Address    |
[  103.703101] cloud-init[681]: ci-info: +--------+------+----------------------------+---------------+--------+-------------------+
[  103.704113] cloud-init[681]: ci-info: | enp0s3 | True |         10.0.2.15          | 255.255.255.0 | global | 02:cc:aa:40:e2:20 |
[  103.705222] cloud-init[681]: ci-info: | enp0s3 | True | fe80::cc:aaff:fe40:e220/64 |       .       |  link  | 02:cc:aa:40:e2:20 |
[  103.706344] cloud-init[681]: ci-info: |   lo   | True |         127.0.0.1          |   255.0.0.0   |  host  |         .         |
[  103.707314] cloud-init[681]: ci-info: |   lo   | True |          ::1/128           |       .       |  host  |         .         |
[  103.708536] cloud-init[681]: ci-info: +--------+------+----------------------------+---------------+--------+-------------------+
[  103.709590] cloud-init[681]: ci-info: ++++++++++++++++++++++++++++Route IPv4 info+++++++++++++++++++++++++++++
[  103.710729] cloud-init[681]: ci-info: +-------+-------------+----------+-----------------+-----------+-------+
[  103.713253] cloud-init[681]: ci-info: | Route | Destination | Gateway  |     Genmask     | Interface | Flags |
[  103.714676] cloud-init[681]: ci-info: +-------+-------------+----------+-----------------+-----------+-------+
[  103.715768] cloud-init[681]: ci-info: |   0   |   0.0.0.0   | 10.0.2.2 |     0.0.0.0     |   enp0s3  |   UG  |
[  103.716828] cloud-init[681]: ci-info: |   1   |   10.0.2.0  | 0.0.0.0  |  255.255.255.0  |   enp0s3  |   U   |
[  103.717867] cloud-init[681]: ci-info: |   2   |   10.0.2.2  | 0.0.0.0  | 255.255.255.255 |   enp0s3  |   UH  |
[  103.719143] cloud-init[681]: ci-info: +-------+-------------+----------+-----------------+-----------+-------+
[  103.720240] cloud-init[681]: ci-info: +++++++++++++++++++Route IPv6 info+++++++++++++++++++
[  103.721163] cloud-init[681]: ci-info: +-------+-------------+---------+-----------+-------+
[  103.722081] cloud-init[681]: ci-info: | Route | Destination | Gateway | Interface | Flags |
[  103.723046] cloud-init[681]: ci-info: +-------+-------------+---------+-----------+-------+
[  103.723962] cloud-init[681]: ci-info: |   1   |  fe80::/64  |    ::   |   enp0s3  |   U   |
[  103.724886] cloud-init[681]: ci-info: |   3   |    local    |    ::   |   enp0s3  |   U   |
[  103.725791] cloud-init[681]: ci-info: |   4   |   ff00::/8  |    ::   |   enp0s3  |   U   |
[  103.726693] cloud-init[681]: ci-info: +-------+-------------+---------+-----------+-------+
[  128.996892] cloud-init[681]: Generating public/private rsa key pair.
[  128.998116] cloud-init[681]: Your identification has been saved in /etc/ssh/ssh_host_rsa_key.
[  128.999616] cloud-init[681]: Your public key has been saved in /etc/ssh/ssh_host_rsa_key.pub.
[  129.001148] cloud-init[681]: The key fingerprint is:
[  129.002125] cloud-init[681]: SHA256:lxCmm4WGBkZkN0txSHFJuuz70mawBBoxeYwI5lyn6yM root@ubuntu-bionic
[  129.003631] cloud-init[681]: The key's randomart image is:
[  129.004864] cloud-init[681]: +---[RSA 2048]----+
[  129.005973] cloud-init[681]: |+B*oB*+.o        |
[  129.007135] cloud-init[681]: |Xo+++B.+ .       |
[  129.008351] cloud-init[681]: | * .= + o        |
[  129.009443] cloud-init[681]: |. .o.o + . .     |
[  129.010507] cloud-init[681]: | o oo o S o      |
[  129.011419] cloud-init[681]: |. ..o    .       |
[  129.012446] cloud-init[681]: | E +.+           |
[  129.013439] cloud-init[681]: |  . +.+          |
[  129.014531] cloud-init[681]: |    .=.          |
[  129.015491] cloud-init[681]: +----[SHA256]-----+
[  129.016486] cloud-init[681]: Generating public/private dsa key pair.
[  129.017865] cloud-init[681]: Your identification has been saved in /etc/ssh/ssh_host_dsa_key.
[  129.019428] cloud-init[681]: Your public key has been saved in /etc/ssh/ssh_host_dsa_key.pub.
[  129.020849] cloud-init[681]: The key fingerprint is:
[  129.021742] cloud-init[681]: SHA256:JLpelpeNs0QdJtDcZYgDACW1/sqw/gBBoMTIkUtFqAo root@ubuntu-bionic
[  129.023396] cloud-init[681]: The key's randomart image is:
[  129.024249] cloud-init[681]: +---[DSA 1024]----+
[  129.025080] cloud-init[681]: |*+O*+.o+ o oo    |
[  129.025750] cloud-init[681]: |=* . . .= o.     |
[  129.026491] cloud-init[681]: |= . . . o.o      |
[  129.027320] cloud-init[681]: |Eo . . o + .     |
[  129.027979] cloud-init[681]: |+   o   S .      |
[  129.028724] cloud-init[681]: |..   o o +       |
[  129.029456] cloud-init[681]: |  o . = * .      |
[  129.030042] cloud-init[681]: |   * + o o       |
[  129.030639] cloud-init[681]: | .o.=   .        |
[  129.031242] cloud-init[681]: +----[SHA256]-----+
[  129.031938] cloud-init[681]: Generating public/private ecdsa key pair.
[  129.032960] cloud-init[681]: Your identification has been saved in /etc/ssh/ssh_host_ecdsa_key.
[  129.034067] cloud-init[681]: Your public key has been saved in /etc/ssh/ssh_host_ecdsa_key.pub.
[  129.035147] cloud-init[681]: The key fingerprint is:
[  129.035806] cloud-init[681]: SHA256:LVcxgzTzNWfCCpd3LdmuiRMqK+ZTYzp5tCB3GadohUg root@ubuntu-bionic
[  129.036877] cloud-init[681]: The key's randomart image is:
[  129.037601] cloud-init[681]: +---[ECDSA 256]---+
[  129.038129] cloud-init[681]: |         .+.+o+o+|
[  129.038663] cloud-init[681]: |    E     o+o===+|
[  129.039175] cloud-init[681]: |   . . .   ooo + |
[  129.039740] cloud-init[681]: |    . . o...o   .|
[  129.040311] cloud-init[681]: |       oS=o. o o |
[  129.040859] cloud-init[681]: |    . = Xo. o o  |
[  129.041447] cloud-init[681]: |     + O =   .   |
[  129.041974] cloud-init[681]: |      B +        |
[  129.042503] cloud-init[681]: |     o.=         |
[  129.043042] cloud-init[681]: +----[SHA256]-----+
[  129.043605] cloud-init[681]: Generating public/private ed25519 key pair.
[  129.044339] cloud-init[681]: Your identification has been saved in /etc/ssh/ssh_host_ed25519_key.
[  129.045256] cloud-init[681]: Your public key has been saved in /etc/ssh/ssh_host_ed25519_key.pub.
[  129.046179] cloud-init[681]: The key fingerprint is:
[  129.046741] cloud-init[681]: SHA256:rwc69081Ko4+K0+oOWt9kwLwlQ4XbNDgzEfBevgpjcA root@ubuntu-bionic
[  129.047663] cloud-init[681]: The key's randomart image is:
[  129.048290] cloud-init[681]: +--[ED25519 256]--+
[  129.048822] cloud-init[681]: |    o*o.         |
[  129.049390] cloud-init[681]: |   + .*          |
[  129.049904] cloud-init[681]: | .  ++.o         |
[  129.050479] cloud-init[681]: |  E +.=          |
[  129.051031] cloud-init[681]: |   + X .S     o  |
[  129.051593] cloud-init[681]: |    = =...   o . |
[  129.052179] cloud-init[681]: |     +...oo o    |
[  129.052726] cloud-init[681]: |    oo*.*+.o     |
[  129.053275] cloud-init[681]: |   .+o O**o..    |
[  129.053833] cloud-init[681]: +----[SHA256]-----+
[[0;32m  OK  [0m] Started Initial cloud-init job (metadata service crawler).
[[0;32m  OK  [0m] Reached target Network is Online.
         Starting Availability of block devices...
[[0;32m  OK  [0m] Reached target Remote File Systems (Pre).
[[0;32m  OK  [0m] Reached target Remote File Systems.
[[0;32m  OK  [0m] Reached target System Initialization.
[[0;32m  OK  [0m] Started ACPI Events Check.
         Starting Socket activation for snappy daemon.
         Starting LXD - unix socket.
[[0;32m  OK  [0m] Listening on UUID daemon activation socket.
[[0;32m  OK  [0m] Listening on Open-iSCSI iscsid Socket.
[[0;32m  OK  [0m] Started Message of the Day.
[[0;32m  OK  [0m] Started Daily apt download activities.
[[0;32m  OK  [0m] Started Daily apt upgrade and clean activities.
[[0;32m  OK  [0m] Listening on ACPID Listen Socket.
[[0;32m  OK  [0m] Reached target Paths.
[[0;32m  OK  [0m] Listening on D-Bus System Message Bus Socket.
[[0;32m  OK  [0m] Started Discard unused blocks once a week.
[[0;32m  OK  [0m] Started Daily Cleanup of Temporary Directories.
[[0;32m  OK  [0m] Reached target Timers.
[[0;32m  OK  [0m] Reached target Cloud-config availability.
[[0;32m  OK  [0m] Started Availability of block devices.
[[0;32m  OK  [0m] Listening on Socket activation for snappy daemon.
[[0;32m  OK  [0m] Listening on LXD - unix socket.
[[0;32m  OK  [0m] Reached target Sockets.
[[0;32m  OK  [0m] Reached target Basic System.
         Starting Virtualbox guest utils...
         Starting LSB: Record successful boot for GRUB...
[[0;32m  OK  [0m] Started D-Bus System Message Bus.
[[0;32m  OK  [0m] Started Regular background program processing daemon.
         Starting Permit User Sessions...
[[0;32m  OK  [0m] Started FUSE filesystem for LXC.
         Starting LXD - container startup/shutdown...
         Starting LSB: automatic crash report generation...
[[0;32m  OK  [0m] Started Deferred execution scheduler.
         Starting Dispatcher daemon for systemd-networkd...
[[0;32m  OK  [0m] Started irqbalance daemon.
         Starting System Logging Service...
         Starting Accounts Service...
         Starting Login Service...
         Starting Pollinate to seed the pseudo random number generator...
         Starting Snap Daemon...
[[0;32m  OK  [0m] Started Permit User Sessions.
         Starting Terminate Plymouth Boot Screen...
         Starting Hold until boot process finishes up...
[[0;32m  OK  [0m] Started Hold until boot process finishes up.
         Starting Set console scheme...
[[0;32m  OK  [0m] Started Serial Getty on ttyS0.
[[0;32m  OK  [0m] Started Terminate Plymouth Boot Screen.
[[0;32m  OK  [0m] Started Login Service.
[[0;32m  OK  [0m] Started Unattended Upgrades Shutdown.
[[0;32m  OK  [0m] Started Set console scheme.
[[0;32m  OK  [0m] Created slice system-getty.slice.
[[0;32m  OK  [0m] Started Getty on tty1.
[[0;32m  OK  [0m] Reached target Login Prompts.
[[0;32m  OK  [0m] Started LSB: automatic crash report generation.

Ubuntu 18.04.5 LTS ubuntu-bionic ttyS0

ubuntu-bionic login: [  233.138198] cloud-init[1579]: Cloud-init v. 20.4.1-0ubuntu1~18.04.1 running 'modules:config' at Wed, 10 Feb 2021 23:02:36 +0000. Up 200.75 seconds.
ci-info: no authorized SSH keys fingerprints found for user ubuntu.
<14>Feb 10 23:03:18 ec2: 
<14>Feb 10 23:03:18 ec2: #############################################################
<14>Feb 10 23:03:18 ec2: -----BEGIN SSH HOST KEY FINGERPRINTS-----
<14>Feb 10 23:03:18 ec2: 1024 SHA256:JLpelpeNs0QdJtDcZYgDACW1/sqw/gBBoMTIkUtFqAo root@ubuntu-bionic (DSA)
<14>Feb 10 23:03:18 ec2: 256 SHA256:LVcxgzTzNWfCCpd3LdmuiRMqK+ZTYzp5tCB3GadohUg root@ubuntu-bionic (ECDSA)
<14>Feb 10 23:03:18 ec2: 256 SHA256:rwc69081Ko4+K0+oOWt9kwLwlQ4XbNDgzEfBevgpjcA root@ubuntu-bionic (ED25519)
<14>Feb 10 23:03:18 ec2: 2048 SHA256:lxCmm4WGBkZkN0txSHFJuuz70mawBBoxeYwI5lyn6yM root@ubuntu-bionic (RSA)
<14>Feb 10 23:03:18 ec2: -----END SSH HOST KEY FINGERPRINTS-----
<14>Feb 10 23:03:18 ec2: #############################################################
-----BEGIN SSH HOST KEY KEYS-----
ecdsa-sha2-nistp256 AAAAE2VjZHNhLXNoYTItbmlzdHAyNTYAAAAIbmlzdHAyNTYAAABBBIsJOVfp4mo5nPw8/s/p71H7qXIvjqnMRKzdaiC86EQ7rD93si7fn6fmhmBTGedjZsL6fY45aEvR0z4y2PC8KEc= root@ubuntu-bionic
ssh-ed25519 AAAAC3NzaC1lZDI1NTE5AAAAIOItLuxPS2pFJF0RJLaWXm0CFSz8dqPcjJ8JPsdFPdxE root@ubuntu-bionic
ssh-rsa AAAAB3NzaC1yc2EAAAADAQABAAABAQDa0gsJ9yLbJGK7VhjmC0IKz7LJXcd+CAaq21uUQIVvMsaBBWBFBIp37rgnM/huaCzGurin+9gyjIiNtZp6a5Ej8fNVlierEXAlGcmy/O42rfnksBPLyVcx1dYF/ePBE+3vy73OekP5EyvePqbZAno+WsKkav+hZ1bARLOxKzy53Zt0Vzp5/+Qi9K6IGo9ETjxy7qn4XlLYVotweGjv1S5+KQTRKwu86vWGusCXSLcpMoYkYBcupOUbdsc3BUXhcK7Ata1d9z0/Iyj0y9OoONqABl6KHwG+guZjyHFoJv0drXLf3GoC4xtuF6q6oj61pnj5lVLRhZoG1wVi9xePRi8j root@ubuntu-bionic
-----END SSH HOST KEY KEYS-----
[  242.695652] cloud-init[2022]: Cloud-init v. 20.4.1-0ubuntu1~18.04.1 running 'modules:final' at Wed, 10 Feb 2021 23:03:09 +0000. Up 233.41 seconds.
[  242.697130] cloud-init[2022]: ci-info: no authorized SSH keys fingerprints found for user ubuntu.
[  242.698141] cloud-init[2022]: Cloud-init v. 20.4.1-0ubuntu1~18.04.1 finished at Wed, 10 Feb 2021 23:03:18 +0000. Datasource DataSourceNoCloud [seed=/dev/sdb][dsmode=net].  Up 242.69 seconds
